1. Generating ssh key pair in linux:>
	ubuntu@ubuntu:~/Desktop/linux_commands$ ssh-keygen -t rsa -b 4096 -C "0agautam@gmail.com"
	Generating public/private rsa key pair.
	Enter file in which to save the key (/home/ubuntu/.ssh/id_rsa): 
	Enter passphrase (empty for no passphrase): 
	Enter same passphrase again: 
	Your identification has been saved in /home/ubuntu/.ssh/id_rsa
	Your public key has been saved in /home/ubuntu/.ssh/id_rsa.pub
	The key fingerprint is:
	SHA256:/AB7uQgn8jL84LPpajiEcHVxtw2oXc0t9EvVuNht61U 0agautam@gmail.com
	The key's randomart image is:
	+---[RSA 4096]----+
	|      ....o+.. .o|
	|    . .....++.o..|
	|   . ..o .. .+oo |
	|. .   .+..  ..o.E|
	|o.. o o S     ..o|
	|.o o + o +     ..|
	|o = . . . .   . .|
	|oo.*           . |
	|o+=o.            |
	+----[SHA256]-----+

2. if ssh-copy-id command doesn't :>
	ubuntu@ubuntu:~$ ssh-copy-id 0agautam@github.com
	/usr/bin/ssh-copy-id: INFO: attempting to log in with the new key(s), to filter out any that are already installed
	/usr/bin/ssh-copy-id: INFO: 1 key(s) remain to be installed -- if you are prompted now it is to install the new keys
	0agautam@github.com: Permission denied (publickey).
	
	$ cat ~/.ssh/id_rsa.pub | ssh remote_username@server_ip_address "mkdir -p ~/.ssh && chmod 700 ~/.ssh && cat >> ~/.ssh/authorized_keys && chmod 600 ~/.ssh/authorized_keys"

3. After pasting the ssh key into the github account, Sync the local machine with the command:>
	ubuntu@ubuntu:~/Desktop/Training$ git config --global credential.helper store
	ubuntu@ubuntu:~/Desktop/Training$ git push
	Username for 'https://github.com': 0agautam@gmail.com
	Password for 'https://0agautam@gmail.com@github.com': 
	Enumerating objects: 7, done.
	Counting objects: 100% (7/7), done.
	Compressing objects: 100% (6/6), done.
	Writing objects: 100% (6/6), 1.29 KiB | 663.00 KiB/s, done.
	Total 6 (delta 1), reused 0 (delta 0)
	remote: Resolving deltas: 100% (1/1), done.
	To https://github.com/0agautam/Training.git
	   c5c29d5..d7e53ef  main -> main

4. Removing unnecessary files from the remote host:>
	ubuntu@ubuntu:~/Desktop/Training$ git rm git_commands.txt linux_commands.txt 
	rm 'git_commands.txt'
	rm 'linux_commands.txt'
	ubuntu@ubuntu:~/Desktop/Training$ git status
	On branch main
	Your branch is up to date with 'origin/main'.

	Changes to be committed:
	  (use "git restore --staged <file>..." to unstage)
		deleted:    git_commands.txt
		deleted:    linux_commands.txt

	ubuntu@ubuntu:~/Desktop/Training$ git commit -m "Duplicate files Deleted"
	[main c5c29d5] Duplicate files Deleted
	 2 files changed, 200 deletions(-)
	 delete mode 100644 git_commands.txt
	 delete mode 100644 linux_commands.txt
	ubuntu@ubuntu:~/Desktop/Training$ git push
	Username for 'https://github.com': 0agautam@gmail.com
	Password for 'https://0agautam@gmail.com@github.com': 
	Enumerating objects: 3, done.
	Counting objects: 100% (3/3), done.
	Compressing objects: 100% (2/2), done.
	Writing objects: 100% (2/2), 272 bytes | 272.00 KiB/s, done.
	Total 2 (delta 0), reused 0 (delta 0)
	To https://github.com/0agautam/Training.git
	   3f20ec5..c5c29d5  main -> main

5. 
